
> sign-language-video-call@1.0.0 test
> vitest --run camera-bug-exploration.test.tsx


[1m[46m RUN [49m[22m [36mv4.0.18 [39m[90mD:/Projects/Sign-language-translator/SignX/sign-language-translator-fixes/frontend[39m

node.exe : [90mstderr[2m | src/test/camera-bug-exploration.test.tsx[2m > [22m[2mBug Condition Exploration 
- Camera Black Screen[2m > [22m[2mEXPECTED FAILURE: play() called before loadedmetadata event
At line:1 char:1
+ & "C:\Program Files\nodejs/node.exe" "C:\Program Files\nodejs/node_mo ...
+ ~~~~~~~~~~~~~~~~~~~~~~~~~~~~~~~~~~~~~~~~~~~~~~~~~~~~~~~~~~~~~~~~~~~~~
    + CategoryInfo          : NotSpecified: ([90mstderr[2m...dmetadata event:String) [], RemoteException
    + FullyQualifiedErrorId : NativeCommandError
 
[22m[39mΓÜá∩╕Å React Router Future Flag Warning: React Router will begin wrapping state updates in 
`React.startTransition` in v7. You can use the `v7_startTransition` future flag to opt-in early. For more 
information, see https://reactrouter.com/v6/upgrading/future#v7_starttransition.
ΓÜá∩╕Å React Router Future Flag Warning: Relative route resolution within Splat routes is changing in v7. You 
can use the `v7_relativeSplatPath` future flag to opt-in early. For more information, see 
https://reactrouter.com/v6/upgrading/future#v7_relativesplatpath.

[90mstdout[2m | src/test/camera-bug-exploration.test.tsx[2m > [22m[2mBug Condition Exploration - Camera Black Screen[2m > [22m[2mEXPECTED FAILURE: play() called before loadedmetadata event
[22m[39mMediaStream obtained with [33m1[39m tracks, video track state: live

[90mstdout[2m | src/test/camera-bug-exploration.test.tsx[2m > [22m[2mBug Condition Exploration - Camera Black Screen[2m > [22m[2mEXPECTED FAILURE: loadedmetadata listener not added before play()
[22m[39mMediaStream obtained with [33m1[39m tracks, video track state: live

[90mstdout[2m | src/test/camera-bug-exploration.test.tsx[2m > [22m[2mBug Condition Exploration - Camera Black Screen[2m > [22m[2mEXPECTED FAILURE: concurrent initialization not prevented
[22m[39mMediaStream obtained with [33m1[39m tracks, video track state: live

[90mstderr[2m | src/test/camera-bug-exploration.test.tsx[2m > [22m[2mBug Condition Exploration - Camera 
Black Screen[2m > [22m[2mEXPECTED FAILURE: concurrent initialization not prevented
[22m[39mWarning: An update to PreJoinLobby inside a test was not wrapped in act(...).

When testing, code that causes React state updates should be wrapped into act(...):

act(() => {
  /* fire events that update state */
});
/* assert on the output */

This ensures that you're testing the behavior the user would see in the browser. Learn more at 
https://reactjs.org/link/wrap-tests-with-act
    at PreJoinLobby (D:/Projects/Sign-language-translator/SignX/sign-language-translator-fixes/frontend/src/page
s/PreJoinLobby.tsx:15:72)
    at Router (D:\Projects\Sign-language-translator\SignX\sign-language-translator-fixes\frontend\node_modules\r
eact-router\dist\umd\react-router.development.js:1207:17)
    at BrowserRouter (D:\Projects\Sign-language-translator\SignX\sign-language-translator-fixes\frontend\node_mo
dules\react-router-dom\dist\umd\react-router-dom.development.js:695:7)
Warning: An update to PreJoinLobby inside a test was not wrapped in act(...).

When testing, code that causes React state updates should be wrapped into act(...):

act(() => {
  /* fire events that update state */
});
/* assert on the output */

This ensures that you're testing the behavior the user would see in the browser. Learn more at 
https://reactjs.org/link/wrap-tests-with-act
    at PreJoinLobby (D:/Projects/Sign-language-translator/SignX/sign-language-translator-fixes/frontend/src/page
s/PreJoinLobby.tsx:15:72)
    at Router (D:\Projects\Sign-language-translator\SignX\sign-language-translator-fixes\frontend\node_modules\r
eact-router\dist\umd\react-router.development.js:1207:17)
    at BrowserRouter (D:\Projects\Sign-language-translator\SignX\sign-language-translator-fixes\frontend\node_mo
dules\react-router-dom\dist\umd\react-router-dom.development.js:695:7)
Warning: An update to PreJoinLobby inside a test was not wrapped in act(...).

When testing, code that causes React state updates should be wrapped into act(...):

act(() => {
  /* fire events that update state */
});
/* assert on the output */

This ensures that you're testing the behavior the user would see in the browser. Learn more at 
https://reactjs.org/link/wrap-tests-with-act
    at PreJoinLobby (D:/Projects/Sign-language-translator/SignX/sign-language-translator-fixes/frontend/src/page
s/PreJoinLobby.tsx:15:72)
    at Router (D:\Projects\Sign-language-translator\SignX\sign-language-translator-fixes\frontend\node_modules\r
eact-router\dist\umd\react-router.development.js:1207:17)
    at BrowserRouter (D:\Projects\Sign-language-translator\SignX\sign-language-translator-fixes\frontend\node_mo
dules\react-router-dom\dist\umd\react-router-dom.development.js:695:7)

[90mstdout[2m | src/test/camera-bug-exploration.test.tsx[2m > [22m[2mBug Condition Exploration - Camera Black Screen[2m > [22m[2mVideo element has correct attributes (should pass)
[22m[39mMediaStream obtained with [33m1[39m tracks, video track state: live

[90mstdout[2m | src/test/camera-bug-exploration.test.tsx[2m > [22m[2mBug Condition Exploration - Camera Black Screen[2m > [22m[2mMediaStream tracks are live (should pass)
[22m[39mMediaStream obtained with [33m1[39m tracks, video track state: live

 [31mΓ¥»[39m src/test/camera-bug-exploration.test.tsx [2m([22m[2m6 tests[22m[2m | [22m[31m1 failed[39m[2m)[22m[33m 1465[2mms[22m[39m
     [32mΓ£ô[39m EXPECTED FAILURE: play() called before loadedmetadata event[32m 271[2mms[22m[39m
     [32mΓ£ô[39m EXPECTED FAILURE: loadedmetadata listener not added before play()[32m 68[2mms[22m[39m
[31m     [31m├ù[31m EXPECTED FAILURE: play() promise rejection not handled[39m[33m 414[2mms[22m[39m
     [33m[2mΓ£ô[22m[39m EXPECTED FAILURE: concurrent initialization not prevented [33m 600[2mms[22m[39m
     [32mΓ£ô[39m Video element has correct attributes (should pass)[32m 63[2mms[22m[39m
     [32mΓ£ô[39m MediaStream tracks are live (should pass)[32m 48[2mms[22m[39m

[31mΓÄ»ΓÄ»ΓÄ»ΓÄ»ΓÄ»ΓÄ»ΓÄ»[39m[1m[41m Failed Tests 1 [49m[22m[31mΓÄ»ΓÄ»ΓÄ»ΓÄ»ΓÄ»ΓÄ»ΓÄ»[39m

[41m[1m FAIL [22m[49m src/test/camera-bug-exploration.test.tsx[2m > [22mBug Condition Exploration - 
Camera Black Screen[2m > [22mEXPECTED FAILURE: play() promise rejection not handled
[31m[1mAssertionError[22m: expected false to be true // Object.is equality[39m

[32m- Expected[39m
[31m+ Received[39m

[32m- true[39m
[31m+ false[39m

[36m [2mΓ¥»[22m src/test/camera-bug-exploration.test.tsx:[2m366:43[22m[39m
    [90m364| [39m    [90m// EXPECTED FAILURE: The unfixed code does NOT handle play() errors[39m
    [90m365| [39m    [90m// Neither error display nor logging happens[39m
    [90m366| [39m    [34mexpect[39m(errorDisplayed [33m||[39m 
errorLogged)[33m.[39m[34mtoBe[39m([35mtrue[39m)[33m;[39m
    [90m   | [39m                                          [31m^[39m
    [90m367| [39m  })[33m;[39m
    [90m368| [39m

[31m[2mΓÄ»ΓÄ»ΓÄ»ΓÄ»ΓÄ»ΓÄ»ΓÄ»ΓÄ»ΓÄ»ΓÄ»ΓÄ»ΓÄ»ΓÄ»ΓÄ»ΓÄ»ΓÄ»ΓÄ»ΓÄ»ΓÄ»ΓÄ»ΓÄ»ΓÄ»ΓÄ»ΓÄ»[1/1]ΓÄ»[22m[39m


[2m Test Files [22m [1m[31m1 failed[39m[22m[90m (1)[39m
[2m      Tests [22m [1m[31m1 failed[39m[22m[2m | [22m[1m[32m5 passed[39m[22m[90m (6)[39m
[2m   Start at [22m 21:29:51
[2m   Duration [22m 2.40s[2m (transform 87ms, setup 70ms, import 221ms, tests 1.47s, environment 509ms)[22m

